// Jest Snapshot v1, https://goo.gl/fbAQLP

exports[`WorkspaceGroupRows should render correctly 1`] = `
<div>
  <h3>
    Title
  </h3>
  <div>
    <div
      key="workspace1"
      style={
        Object {
          "marginTop": "1rem",
        }
      }
    >
      <span>
        Workspace: 
        Lightning strike
      </span>
      <span />
    </div>
    <div
      key="workspace2"
      style={
        Object {
          "marginTop": "1rem",
        }
      }
    >
      <span>
        Workspace: 
        Time machine
      </span>
      <span />
    </div>
  </div>
</div>
`;
